// Jest Snapshot v1, https://goo.gl/fbAQLP

exports[`<Nav /> redners a minimal nav when signed out 1`] = `
<ul
  className="NavStyles-sc-773yok-0 gJvNUs"
  data-test="nav"
>
  <Link
    href="/items"
  >
    <a
      href="/items"
      onClick={[Function]}
    >
      Shop
    </a>
  </Link>
  <Link
    href="/signup"
  >
    <a
      href="/signup"
      onClick={[Function]}
    >
      Sign In
    </a>
  </Link>
</ul>
`;

exports[`<Nav /> renders the amount of items in the cart 1`] = `
<div
  className="count CartCount__Dot-egg65q-1 jXUeCZ"
>
  9
</div>
`;
