// Jest Snapshot v1, https://goo.gl/fbAQLP

exports[`<SingleItem /> renders with proper data 1`] = `
<h2>
  Viewing 
  dogs are best
</h2>
`;
